#-----------------------------------------------------------
# Vivado v2019.1 (64-bit)
# SW Build 2552052 on Fri May 24 14:49:42 MDT 2019
# IP Build 2548770 on Fri May 24 18:01:18 MDT 2019
# Start of session at: Mon Oct 17 01:26:41 2022
# Process ID: 19900
# Current directory: C:/Users/carlo/Andrey/TEC/Semestre_II_2022/Taller_Digitales/Laboratorios/Lab4/Repositorio/lab4-g03-lab4/Microcontrolador/Proyectos/SPI/vivado_project.runs/impl_1
# Command line: vivado.exe -log top_interface_spi.vdi -applog -product Vivado -messageDb vivado.pb -mode batch -source top_interface_spi.tcl -notrace
# Log file: C:/Users/carlo/Andrey/TEC/Semestre_II_2022/Taller_Digitales/Laboratorios/Lab4/Repositorio/lab4-g03-lab4/Microcontrolador/Proyectos/SPI/vivado_project.runs/impl_1/top_interface_spi.vdi
# Journal file: C:/Users/carlo/Andrey/TEC/Semestre_II_2022/Taller_Digitales/Laboratorios/Lab4/Repositorio/lab4-g03-lab4/Microcontrolador/Proyectos/SPI/vivado_project.runs/impl_1\vivado.jou
#-----------------------------------------------------------
source top_interface_spi.tcl -notrace
